// Jest Snapshot v1, https://goo.gl/fbAQLP

exports[`List: renders correctly 1`] = `
<View>
  <View
    style={
      Object {
        "backgroundColor": "transparent",
        "borderBottomColor": "transparent",
        "borderBottomWidth": 1,
        "borderTopColor": "transparent",
        "borderTopWidth": 1,
        "padding": 8,
      }
    }
  >
    <View
      style={
        Object {
          "width": "100%",
        }
      }
    >
      <View
        style={
          Object {
            "alignItems": "center",
            "backgroundColor": "#bdc6cf",
            "borderBottomWidth": 0,
            "borderColor": "#86939e",
            "borderRadius": 3,
            "flexDirection": "row",
            "height": 30,
            "overflow": "hidden",
            "transform": Array [
              Object {
                "translateX": 0,
              },
            ],
          }
        }
      >
        <View
          style={
            Object {
              "alignItems": "center",
              "height": 40,
              "justifyContent": "center",
              "marginLeft": 8,
            }
          }
        >
          <View>
            <View
              style={
                Object {
                  "alignItems": "center",
                  "backgroundColor": "transparent",
                  "justifyContent": "center",
                }
              }
              theme={
                Object {
                  "colors": Object {
                    "divider": "#bcbbc1",
                    "error": "#ff190c",
                    "grey0": "#393e42",
                    "grey1": "#43484d",
                    "grey2": "#5e6977",
                    "grey3": "#86939e",
                    "grey4": "#bdc6cf",
                    "grey5": "#e1e8ee",
                    "greyOutline": "#bbb",
                    "primary": "#2089dc",
                    "searchBg": "#303337",
                    "secondary": "#8F0CE8",
                  },
                }
              }
              underlayColor="white"
            >
              <Text />
            </View>
          </View>
        </View>
        <TextInput
          allowFontScaling={true}
          onBlur={[Function]}
          onChangeText={[Function]}
          onClear={[Function]}
          onFocus={[Function]}
          placeholder="Enter a food"
          placeholderTextColor="#86939e"
          platform="default"
          style={
            Object {
              "alignSelf": "center",
              "color": "#86939e",
              "flex": 1,
              "fontSize": 18,
              "height": 40,
              "marginLeft": 10,
            }
          }
          testID="searchInput"
          underlineColorAndroid="transparent"
          value=""
        />
        <View
          style={
            Object {
              "alignItems": "center",
              "height": 40,
              "justifyContent": "center",
              "marginLeft": 15,
              "marginRight": 8,
            }
          }
        >
          <View
            style={
              Object {
                "flexDirection": "row",
              }
            }
          />
        </View>
      </View>
    </View>
  </View>
  <View
    style={
      Object {
        "height": "80%",
      }
    }
  >
    <Text
      style={
        Object {
          "color": "red",
          "textAlign": "center",
        }
      }
    >
      Recently Searched:
    </Text>
  </View>
</View>
`;
