// Jest Snapshot v1, https://goo.gl/fbAQLP

exports[`Plate: renders correctly 1`] = `null`;
