// Jest Snapshot v1, https://goo.gl/fbAQLP

exports[`App snapshot renders Edit screen 1`] = `null`;

exports[`App snapshot renders help screen 1`] = `null`;

exports[`App snapshot renders settings screen 1`] = `
<View
  style={
    Object {
      "flex": 1,
    }
  }
/>
`;

exports[`App snapshot renders the loading screen 1`] = `null`;

exports[`App snapshot renders the root without loading screen 1`] = `
<View
  style={
    Object {
      "backgroundColor": "#fff",
      "flex": 1,
    }
  }
>
  <View
    style={
      Object {
        "flex": 1,
        "overflow": "hidden",
      }
    }
  >
    <View
      style={
        Object {
          "flex": 1,
        }
      }
    >
      <View
        collapsable={false}
        pointerEvents="auto"
        removeClippedSubviews={false}
        style={
          Array [
            Object {
              "flex": 1,
              "overflow": "hidden",
            },
            Array [
              Object {
                "bottom": 0,
                "left": 0,
                "position": "absolute",
                "right": 0,
                "top": 0,
              },
              Object {
                "opacity": 1,
              },
            ],
          ]
        }
      >
        <View
          style={
            Object {
              "flex": 1,
            }
          }
        >
          <View
            onLayout={[Function]}
            style={
              Object {
                "flex": 1,
              }
            }
          >
            <View
              onMoveShouldSetResponder={[Function]}
              onMoveShouldSetResponderCapture={[Function]}
              onResponderEnd={[Function]}
              onResponderGrant={[Function]}
              onResponderMove={[Function]}
              onResponderReject={[Function]}
              onResponderRelease={[Function]}
              onResponderStart={[Function]}
              onResponderTerminate={[Function]}
              onResponderTerminationRequest={[Function]}
              onStartShouldSetResponder={[Function]}
              onStartShouldSetResponderCapture={[Function]}
              style={
                Array [
                  Object {
                    "flex": 1,
                    "flexDirection": "column-reverse",
                    "overflow": "hidden",
                  },
                  Object {
                    "backgroundColor": "#000",
                  },
                ]
              }
            >
              <View
                style={
                  Object {
                    "flex": 1,
                  }
                }
              >
                <View
                  accessibilityElementsHidden={false}
                  pointerEvents="auto"
                  style={
                    Object {
                      "backgroundColor": "#E9E9EF",
                      "bottom": 0,
                      "left": 0,
                      "opacity": 1,
                      "paddingTop": 64,
                      "position": "absolute",
                      "right": 0,
                      "shadowColor": "black",
                      "shadowOffset": Object {
                        "height": 0,
                        "width": 0,
                      },
                      "shadowOpacity": 0.2,
                      "shadowRadius": 5,
                      "top": 0,
                      "transform": Array [
                        Object {
                          "translateX": 0,
                        },
                        Object {
                          "translateY": 0,
                        },
                      ],
                    }
                  }
                >
                  <View
                    onLayout={[Function]}
                    style={
                      Object {
                        "flex": 1,
                      }
                    }
                  >
                    <View
                      style={
                        Array [
                          Object {
                            "flex": 1,
                          },
                          Object {
                            "bottom": 0,
                          },
                        ]
                      }
                    >
                      <View
                        style={
                          Object {
                            "flex": 1,
                          }
                        }
                      >
                        <View
                          accessible={true}
                          isTVSelectable={true}
                          onResponderGrant={[Function]}
                          onResponderMove={[Function]}
                          onResponderRelease={[Function]}
                          onResponderTerminate={[Function]}
                          onResponderTerminationRequest={[Function]}
                          onStartShouldSetResponder={[Function]}
                          style={
                            Object {
                              "flex": 1,
                              "opacity": 1,
                            }
                          }
                        >
                          <View
                            style={
                              Object {
                                "flex": 1,
                              }
                            }
                          >
                            <View
                              style={
                                Object {
                                  "alignItems": "center",
                                  "flex": 9,
                                  "justifyContent": "space-around",
                                }
                              }
                            >
                              <ARTSurfaceView
                                style={
                                  Array [
                                    undefined,
                                    Object {
                                      "height": 200,
                                      "width": 200,
                                    },
                                  ]
                                }
                              >
                                <ARTGroup
                                  opacity={1}
                                  transform={
                                    Array [
                                      6.123233995736766e-17,
                                      -1,
                                      1,
                                      6.123233995736766e-17,
                                      0,
                                      200,
                                    ]
                                  }
                                >
                                  <ARTShape
                                    d={
                                      Array [
                                        0,
                                        150,
                                        100,
                                        4,
                                        100,
                                        100,
                                        50,
                                        0,
                                        360,
                                        1,
                                      ]
                                    }
                                    fill={null}
                                    opacity={1}
                                    stroke={
                                      Array [
                                        1,
                                        1,
                                        1,
                                        1,
                                      ]
                                    }
                                    strokeCap={1}
                                    strokeDash={null}
                                    strokeJoin={1}
                                    strokeWidth={100}
                                    transform={
                                      Array [
                                        1,
                                        0,
                                        0,
                                        1,
                                        0,
                                        0,
                                      ]
                                    }
                                  />
                                  <ARTShape
                                    d={
                                      Array [
                                        0,
                                        150,
                                        100,
                                        4,
                                        100,
                                        100,
                                        50,
                                        0,
                                        6.283185307179586,
                                        1,
                                      ]
                                    }
                                    fill={null}
                                    opacity={1}
                                    stroke={
                                      Array [
                                        1,
                                        1,
                                        1,
                                        1,
                                      ]
                                    }
                                    strokeCap={1}
                                    strokeDash={null}
                                    strokeJoin={1}
                                    strokeWidth={100}
                                    transform={
                                      Array [
                                        1,
                                        0,
                                        0,
                                        1,
                                        0,
                                        0,
                                      ]
                                    }
                                  />
                                  <ARTShape
                                    d={
                                      Array [
                                        0,
                                        150,
                                        100,
                                        4,
                                        100,
                                        100,
                                        50,
                                        0,
                                        3.518583772020569,
                                        1,
                                      ]
                                    }
                                    fill={null}
                                    opacity={1}
                                    stroke={
                                      Array [
                                        1,
                                        1,
                                        0,
                                        1,
                                      ]
                                    }
                                    strokeCap={0}
                                    strokeDash={null}
                                    strokeJoin={1}
                                    strokeWidth={100}
                                    transform={
                                      Array [
                                        1,
                                        0,
                                        0,
                                        1,
                                        0,
                                        0,
                                      ]
                                    }
                                  />
                                  <ARTShape
                                    d={
                                      Array [
                                        0,
                                        53.51117570558744,
                                        81.59377236576609,
                                        4,
                                        100,
                                        100,
                                        50,
                                        3.518583772020569,
                                        4.209734155810323,
                                        1,
                                      ]
                                    }
                                    fill={null}
                                    opacity={1}
                                    stroke={
                                      Array [
                                        0,
                                        0.5019607843137255,
                                        0,
                                        1,
                                      ]
                                    }
                                    strokeCap={0}
                                    strokeDash={null}
                                    strokeJoin={1}
                                    strokeWidth={100}
                                    transform={
                                      Array [
                                        1,
                                        0,
                                        0,
                                        1,
                                        0,
                                        0,
                                      ]
                                    }
                                  />
                                  <ARTShape
                                    d={
                                      Array [
                                        0,
                                        75.91231629491423,
                                        56.18466599780682,
                                        4,
                                        100,
                                        100,
                                        50,
                                        4.209734155810323,
                                        9.047786842338605,
                                        1,
                                      ]
                                    }
                                    fill={null}
                                    opacity={1}
                                    stroke={
                                      Array [
                                        1,
                                        0.6470588235294118,
                                        0,
                                        1,
                                      ]
                                    }
                                    strokeCap={0}
                                    strokeDash={null}
                                    strokeJoin={1}
                                    strokeWidth={100}
                                    transform={
                                      Array [
                                        1,
                                        0,
                                        0,
                                        1,
                                        0,
                                        0,
                                      ]
                                    }
                                  />
                                </ARTGroup>
                              </ARTSurfaceView>
                            </View>
                          </View>
                        </View>
                      </View>
                      <Text
                        style={
                          Object {
                            "fontSize": 24,
                            "marginLeft": 24,
                            "marginTop": 24,
                          }
                        }
                      >
                        Enter a food:
                      </Text>
                      <View
                        style={
                          Object {
                            "flex": 1,
                          }
                        }
                      >
                        <View>
                          <TextInput
                            allowFontScaling={true}
                            onChangeText={[Function]}
                            placeHolder="Enter a food"
                            style={
                              Object {
                                "borderColor": "#111111",
                                "borderWidth": 1,
                                "height": "15%",
                                "margin": "5%",
                                "paddingHorizontal": "5%",
                              }
                            }
                            underlineColorAndroid="transparent"
                            value=""
                          />
                          <View
                            style={
                              Object {
                                "height": "70%",
                              }
                            }
                          >
                            <Text
                              style={
                                Object {
                                  "color": "red",
                                  "textAlign": "center",
                                }
                              }
                            >
                              
                            </Text>
                          </View>
                        </View>
                      </View>
                    </View>
                  </View>
                </View>
              </View>
              <View
                onLayout={[Function]}
                pointerEvents="box-none"
                style={
                  Object {
                    "left": 0,
                    "position": "absolute",
                    "right": 0,
                    "top": 0,
                  }
                }
              >
                <View
                  style={
                    Object {
                      "backgroundColor": "#FFF",
                      "transform": Array [
                        Object {
                          "translateX": 0,
                        },
                      ],
                    }
                  }
                >
                  <View
                    onLayout={[Function]}
                    pointerEvents="box-none"
                    style={
                      Object {
                        "backgroundColor": "#FFF",
                        "borderBottomColor": "#A7A7AA",
                        "borderBottomWidth": 0.5,
                        "height": 64,
                        "paddingBottom": 0,
                        "paddingLeft": 0,
                        "paddingRight": 0,
                        "paddingTop": 20,
                      }
                    }
                  >
                    <View
                      style={
                        Object {
                          "flex": 1,
                        }
                      }
                    >
                      <View
                        style={
                          Object {
                            "bottom": 0,
                            "flexDirection": "row",
                            "left": 0,
                            "position": "absolute",
                            "right": 0,
                            "top": 0,
                          }
                        }
                      >
                        <View
                          pointerEvents="box-none"
                          style={
                            Object {
                              "alignItems": "center",
                              "backgroundColor": "transparent",
                              "bottom": 0,
                              "flexDirection": "row",
                              "justifyContent": "center",
                              "left": 0,
                              "opacity": 1,
                              "position": "absolute",
                              "right": 0,
                              "top": 0,
                            }
                          }
                        >
                          <Text
                            accessibilityTraits="header"
                            accessible={false}
                            allowFontScaling={true}
                            numberOfLines={1}
                            onLayout={[Function]}
                            style={
                              Object {
                                "color": "rgba(0, 0, 0, .9)",
                                "fontSize": 17,
                                "fontWeight": "600",
                                "marginHorizontal": 16,
                                "textAlign": "center",
                              }
                            }
                          >
                            Build A Plate
                          </Text>
                        </View>
                      </View>
                    </View>
                  </View>
                </View>
              </View>
            </View>
          </View>
        </View>
      </View>
    </View>
    <View
      onLayout={[Function]}
      pointerEvents="box-none"
      style={
        Object {
          "backgroundColor": "#fff",
          "borderTopColor": "rgba(0, 0, 0, .3)",
          "borderTopWidth": 0.5,
          "flexDirection": "row",
          "height": 49,
          "paddingBottom": 0,
          "paddingLeft": 0,
          "paddingRight": 0,
          "paddingTop": 0,
        }
      }
    >
      <View
        accessibilityLabel="Plate"
        accessible={true}
        onResponderGrant={[Function]}
        onResponderMove={[Function]}
        onResponderRelease={[Function]}
        onResponderTerminate={[Function]}
        onResponderTerminationRequest={[Function]}
        onStartShouldSetResponder={[Function]}
        style={
          Array [
            Object {
              "alignItems": "center",
              "flex": 1,
            },
            Object {
              "backgroundColor": "transparent",
            },
            Object {
              "flexDirection": "column",
              "justifyContent": "flex-end",
            },
            undefined,
          ]
        }
      >
        <View
          style={
            Array [
              Object {
                "height": 29,
              },
              false,
              Object {
                "flex": 1,
              },
            ]
          }
        >
          <View
            style={
              Object {
                "alignItems": "center",
                "alignSelf": "center",
                "height": "100%",
                "justifyContent": "center",
                "minWidth": 25,
                "opacity": 1,
                "position": "absolute",
                "width": "100%",
              }
            }
          >
            <Text
              allowFontScaling={false}
              style={
                Array [
                  Object {
                    "color": "#2f95dc",
                    "fontSize": 26,
                  },
                  Object {
                    "marginBottom": -3,
                  },
                  Object {
                    "fontFamily": "ionicons",
                    "fontStyle": "normal",
                    "fontWeight": "normal",
                  },
                  Object {},
                ]
              }
            >
              
            </Text>
          </View>
          <View
            style={
              Object {
                "alignItems": "center",
                "alignSelf": "center",
                "height": "100%",
                "justifyContent": "center",
                "minWidth": 25,
                "opacity": 0,
                "position": "absolute",
                "width": "100%",
              }
            }
          >
            <Text
              allowFontScaling={false}
              style={
                Array [
                  Object {
                    "color": "#ccc",
                    "fontSize": 26,
                  },
                  Object {
                    "marginBottom": -3,
                  },
                  Object {
                    "fontFamily": "ionicons",
                    "fontStyle": "normal",
                    "fontWeight": "normal",
                  },
                  Object {},
                ]
              }
            >
              
            </Text>
          </View>
        </View>
        <Text
          allowFontScaling={true}
          numberOfLines={1}
          style={
            Object {
              "backgroundColor": "transparent",
              "color": "#3478f6",
              "fontSize": 11,
              "marginBottom": 1.5,
              "textAlign": "center",
            }
          }
        >
          Plate
        </Text>
      </View>
      <View
        accessibilityLabel="Help"
        accessible={true}
        onResponderGrant={[Function]}
        onResponderMove={[Function]}
        onResponderRelease={[Function]}
        onResponderTerminate={[Function]}
        onResponderTerminationRequest={[Function]}
        onStartShouldSetResponder={[Function]}
        style={
          Array [
            Object {
              "alignItems": "center",
              "flex": 1,
            },
            Object {
              "backgroundColor": "transparent",
            },
            Object {
              "flexDirection": "column",
              "justifyContent": "flex-end",
            },
            undefined,
          ]
        }
      >
        <View
          style={
            Array [
              Object {
                "height": 29,
              },
              false,
              Object {
                "flex": 1,
              },
            ]
          }
        >
          <View
            style={
              Object {
                "alignItems": "center",
                "alignSelf": "center",
                "height": "100%",
                "justifyContent": "center",
                "minWidth": 25,
                "opacity": 0,
                "position": "absolute",
                "width": "100%",
              }
            }
          >
            <Text
              allowFontScaling={false}
              style={
                Array [
                  Object {
                    "color": "#2f95dc",
                    "fontSize": 26,
                  },
                  Object {
                    "marginBottom": -3,
                  },
                  Object {
                    "fontFamily": "ionicons",
                    "fontStyle": "normal",
                    "fontWeight": "normal",
                  },
                  Object {},
                ]
              }
            >
              
            </Text>
          </View>
          <View
            style={
              Object {
                "alignItems": "center",
                "alignSelf": "center",
                "height": "100%",
                "justifyContent": "center",
                "minWidth": 25,
                "opacity": 1,
                "position": "absolute",
                "width": "100%",
              }
            }
          >
            <Text
              allowFontScaling={false}
              style={
                Array [
                  Object {
                    "color": "#ccc",
                    "fontSize": 26,
                  },
                  Object {
                    "marginBottom": -3,
                  },
                  Object {
                    "fontFamily": "ionicons",
                    "fontStyle": "normal",
                    "fontWeight": "normal",
                  },
                  Object {},
                ]
              }
            >
              
            </Text>
          </View>
        </View>
        <Text
          allowFontScaling={true}
          numberOfLines={1}
          style={
            Object {
              "backgroundColor": "transparent",
              "color": "#929292",
              "fontSize": 11,
              "marginBottom": 1.5,
              "textAlign": "center",
            }
          }
        >
          Help
        </Text>
      </View>
      <View
        accessibilityLabel="Settings"
        accessible={true}
        onResponderGrant={[Function]}
        onResponderMove={[Function]}
        onResponderRelease={[Function]}
        onResponderTerminate={[Function]}
        onResponderTerminationRequest={[Function]}
        onStartShouldSetResponder={[Function]}
        style={
          Array [
            Object {
              "alignItems": "center",
              "flex": 1,
            },
            Object {
              "backgroundColor": "transparent",
            },
            Object {
              "flexDirection": "column",
              "justifyContent": "flex-end",
            },
            undefined,
          ]
        }
      >
        <View
          style={
            Array [
              Object {
                "height": 29,
              },
              false,
              Object {
                "flex": 1,
              },
            ]
          }
        >
          <View
            style={
              Object {
                "alignItems": "center",
                "alignSelf": "center",
                "height": "100%",
                "justifyContent": "center",
                "minWidth": 25,
                "opacity": 0,
                "position": "absolute",
                "width": "100%",
              }
            }
          >
            <Text
              allowFontScaling={false}
              style={
                Array [
                  Object {
                    "color": "#2f95dc",
                    "fontSize": 26,
                  },
                  Object {
                    "marginBottom": -3,
                  },
                  Object {
                    "fontFamily": "ionicons",
                    "fontStyle": "normal",
                    "fontWeight": "normal",
                  },
                  Object {},
                ]
              }
            >
              
            </Text>
          </View>
          <View
            style={
              Object {
                "alignItems": "center",
                "alignSelf": "center",
                "height": "100%",
                "justifyContent": "center",
                "minWidth": 25,
                "opacity": 1,
                "position": "absolute",
                "width": "100%",
              }
            }
          >
            <Text
              allowFontScaling={false}
              style={
                Array [
                  Object {
                    "color": "#ccc",
                    "fontSize": 26,
                  },
                  Object {
                    "marginBottom": -3,
                  },
                  Object {
                    "fontFamily": "ionicons",
                    "fontStyle": "normal",
                    "fontWeight": "normal",
                  },
                  Object {},
                ]
              }
            >
              
            </Text>
          </View>
        </View>
        <Text
          allowFontScaling={true}
          numberOfLines={1}
          style={
            Object {
              "backgroundColor": "transparent",
              "color": "#929292",
              "fontSize": 11,
              "marginBottom": 1.5,
              "textAlign": "center",
            }
          }
        >
          Settings
        </Text>
      </View>
      <View
        accessibilityLabel="Login"
        accessible={true}
        onResponderGrant={[Function]}
        onResponderMove={[Function]}
        onResponderRelease={[Function]}
        onResponderTerminate={[Function]}
        onResponderTerminationRequest={[Function]}
        onStartShouldSetResponder={[Function]}
        style={
          Array [
            Object {
              "alignItems": "center",
              "flex": 1,
            },
            Object {
              "backgroundColor": "transparent",
            },
            Object {
              "flexDirection": "column",
              "justifyContent": "flex-end",
            },
            undefined,
          ]
        }
      >
        <View
          style={
            Array [
              Object {
                "height": 29,
              },
              false,
              Object {
                "flex": 1,
              },
            ]
          }
        >
          <View
            style={
              Object {
                "alignItems": "center",
                "alignSelf": "center",
                "height": "100%",
                "justifyContent": "center",
                "minWidth": 25,
                "opacity": 0,
                "position": "absolute",
                "width": "100%",
              }
            }
          >
            <Text
              allowFontScaling={false}
              style={
                Array [
                  Object {
                    "color": "#2f95dc",
                    "fontSize": 26,
                  },
                  Object {
                    "marginBottom": -3,
                  },
                  Object {
                    "fontFamily": "ionicons",
                    "fontStyle": "normal",
                    "fontWeight": "normal",
                  },
                  Object {},
                ]
              }
            >
              
            </Text>
          </View>
          <View
            style={
              Object {
                "alignItems": "center",
                "alignSelf": "center",
                "height": "100%",
                "justifyContent": "center",
                "minWidth": 25,
                "opacity": 1,
                "position": "absolute",
                "width": "100%",
              }
            }
          >
            <Text
              allowFontScaling={false}
              style={
                Array [
                  Object {
                    "color": "#ccc",
                    "fontSize": 26,
                  },
                  Object {
                    "marginBottom": -3,
                  },
                  Object {
                    "fontFamily": "ionicons",
                    "fontStyle": "normal",
                    "fontWeight": "normal",
                  },
                  Object {},
                ]
              }
            >
              
            </Text>
          </View>
        </View>
        <Text
          allowFontScaling={true}
          numberOfLines={1}
          style={
            Object {
              "backgroundColor": "transparent",
              "color": "#929292",
              "fontSize": 11,
              "marginBottom": 1.5,
              "textAlign": "center",
            }
          }
        >
          Login
        </Text>
      </View>
    </View>
  </View>
</View>
`;
